17:04:56 **** Incremental Build of configuration Debug for project 40_AHT_25_Testing_2 ****
make -j8 all 
arm-none-eabi-gcc "../Core/Src/main.c" -mcpu=cortex-m4 -std=gnu11 -g3 -DDEBUG -DUSE_HAL_DRIVER -DSTM32F411xE -c -I../Core/Inc -I../Drivers/STM32F4xx_HAL_Driver/Inc -I../Drivers/STM32F4xx_HAL_Driver/Inc/Legacy -I../Drivers/CMSIS/Device/ST/STM32F4xx/Include -I../Drivers/CMSIS/Include -O0 -ffunction-sections -fdata-sections -Wall -fstack-usage -fcyclomatic-complexity -MMD -MP -MF"Core/Src/main.d" -MT"Core/Src/main.o" --specs=nano.specs -mfpu=fpv4-sp-d16 -mfloat-abi=hard -mthumb -o "Core/Src/main.o"
arm-none-eabi-gcc -o "40_AHT_25_Testing_2.elf" @"objects.list"   -mcpu=cortex-m4 -T"/home/dinesh/STM32CubeIDE/Microcontroller-master/40_AHT_25_Testing_2/STM32F411RETX_FLASH.ld" --specs=nosys.specs -Wl,-Map="40_AHT_25_Testing_2.map" -Wl,--gc-sections -static --specs=nano.specs -mfpu=fpv4-sp-d16 -mfloat-abi=hard -mthumb -u _printf_float -Wl,--start-group -lc -lm -Wl,--end-group
Finished building target: 40_AHT_25_Testing_2.elf
 
arm-none-eabi-size   40_AHT_25_Testing_2.elf 
arm-none-eabi-objdump -h -S  40_AHT_25_Testing_2.elf  > "40_AHT_25_Testing_2.list"
   text	   data	    bss	    dec	    hex	filename
  27836	    484	   1820	  30140	   75bc	40_AHT_25_Testing_2.elf
Finished building: default.size.stdout
 
Finished building: 40_AHT_25_Testing_2.list
 
17:05:08 **** Incremental Build of configuration Debug for project 40_AHT_25_Testing_2 ****
make -j8 all 
arm-none-eabi-size   40_AHT_25_Testing_2.elf 
   text	   data	    bss	    dec	    hex	filename
  27836	    484	   1820	  30140	   75bc	40_AHT_25_Testing_2.elf
Finished building: default.size.stdout
 
17:06:11 **** Incremental Build of configuration Debug for project 40_AHT_25_Testing_2 ****
make -j8 all 
arm-none-eabi-gcc "../Core/Src/main.c" -mcpu=cortex-m4 -std=gnu11 -g3 -DDEBUG -DUSE_HAL_DRIVER -DSTM32F411xE -c -I../Core/Inc -I../Drivers/STM32F4xx_HAL_Driver/Inc -I../Drivers/STM32F4xx_HAL_Driver/Inc/Legacy -I../Drivers/CMSIS/Device/ST/STM32F4xx/Include -I../Drivers/CMSIS/Include -O0 -ffunction-sections -fdata-sections -Wall -fstack-usage -fcyclomatic-complexity -MMD -MP -MF"Core/Src/main.d" -MT"Core/Src/main.o" --specs=nano.specs -mfpu=fpv4-sp-d16 -mfloat-abi=hard -mthumb -o "Core/Src/main.o"
arm-none-eabi-gcc -o "40_AHT_25_Testing_2.elf" @"objects.list"   -mcpu=cortex-m4 -T"/home/dinesh/STM32CubeIDE/Microcontroller-master/40_AHT_25_Testing_2/STM32F411RETX_FLASH.ld" --specs=nosys.specs -Wl,-Map="40_AHT_25_Testing_2.map" -Wl,--gc-sections -static --specs=nano.specs -mfpu=fpv4-sp-d16 -mfloat-abi=hard -mthumb -u _printf_float -Wl,--start-group -lc -lm -Wl,--end-group
Finished building target: 40_AHT_25_Testing_2.elf
 
arm-none-eabi-size   40_AHT_25_Testing_2.elf 
arm-none-eabi-objdump -h -S  40_AHT_25_Testing_2.elf  > "40_AHT_25_Testing_2.list"
   text	   data	    bss	    dec	    hex	filename
  27916	    484	   1820	  30220	   760c	40_AHT_25_Testing_2.elf
Finished building: default.size.stdout
 
Finished building: 40_AHT_25_Testing_2.list
 
17:06:57 **** Incremental Build of configuration Debug for project 40_AHT_25_Testing_2 ****
make -j8 all 
arm-none-eabi-size   40_AHT_25_Testing_2.elf 
   text	   data	    bss	    dec	    hex	filename
  27916	    484	   1820	  30220	   760c	40_AHT_25_Testing_2.elf
Finished building: default.size.stdout
 
17:07:49 **** Incremental Build of configuration Debug for project 40_AHT_25_Testing_2 ****
make -j8 all 
arm-none-eabi-size   40_AHT_25_Testing_2.elf 
   text	   data	    bss	    dec	    hex	filename
  27916	    484	   1820	  30220	   760c	40_AHT_25_Testing_2.elf
Finished building: default.size.stdout
 
17:11:33 **** Incremental Build of configuration Debug for project 40_AHT_25_Testing_2 ****
make -j8 all 
arm-none-eabi-gcc "../Core/Src/main.c" -mcpu=cortex-m4 -std=gnu11 -g3 -DDEBUG -DUSE_HAL_DRIVER -DSTM32F411xE -c -I../Core/Inc -I../Drivers/STM32F4xx_HAL_Driver/Inc -I../Drivers/STM32F4xx_HAL_Driver/Inc/Legacy -I../Drivers/CMSIS/Device/ST/STM32F4xx/Include -I../Drivers/CMSIS/Include -O0 -ffunction-sections -fdata-sections -Wall -fstack-usage -fcyclomatic-complexity -MMD -MP -MF"Core/Src/main.d" -MT"Core/Src/main.o" --specs=nano.specs -mfpu=fpv4-sp-d16 -mfloat-abi=hard -mthumb -o "Core/Src/main.o"
arm-none-eabi-gcc -o "40_AHT_25_Testing_2.elf" @"objects.list"   -mcpu=cortex-m4 -T"/home/dinesh/STM32CubeIDE/Microcontroller-master/40_AHT_25_Testing_2/STM32F411RETX_FLASH.ld" --specs=nosys.specs -Wl,-Map="40_AHT_25_Testing_2.map" -Wl,--gc-sections -static --specs=nano.specs -mfpu=fpv4-sp-d16 -mfloat-abi=hard -mthumb -u _printf_float -Wl,--start-group -lc -lm -Wl,--end-group
Finished building target: 40_AHT_25_Testing_2.elf
 
arm-none-eabi-size   40_AHT_25_Testing_2.elf 
arm-none-eabi-objdump -h -S  40_AHT_25_Testing_2.elf  > "40_AHT_25_Testing_2.list"
   text	   data	    bss	    dec	    hex	filename
  27924	    484	   1820	  30228	   7614	40_AHT_25_Testing_2.elf
Finished building: default.size.stdout
 
Finished building: 40_AHT_25_Testing_2.list
 
17:13:26 **** Incremental Build of configuration Debug for project 40_AHT_25_Testing_2 ****
make -j8 all 
arm-none-eabi-size   40_AHT_25_Testing_2.elf 
   text	   data	    bss	    dec	    hex	filename
  27924	    484	   1820	  30228	   7614	40_AHT_25_Testing_2.elf
Finished building: default.size.stdout
 
17:13:31 **** Incremental Build of configuration Debug for project 40_AHT_25_Testing_2 ****
make -j8 all 
arm-none-eabi-size   40_AHT_25_Testing_2.elf 
   text	   data	    bss	    dec	    hex	filename
  27924	    484	   1820	  30228	   7614	40_AHT_25_Testing_2.elf
Finished building: default.size.stdout
 
