15:28:29 **** Incremental Build of configuration Debug for project GPT_Test ****
make -j8 all 
arm-none-eabi-gcc "../Core/Src/main.c" -mcpu=cortex-m4 -std=gnu11 -g3 -DDEBUG -DUSE_HAL_DRIVER -DSTM32F411xE -c -I../Core/Inc -I../Drivers/STM32F4xx_HAL_Driver/Inc -I../Drivers/STM32F4xx_HAL_Driver/Inc/Legacy -I../Drivers/CMSIS/Device/ST/STM32F4xx/Include -I../Drivers/CMSIS/Include -O0 -ffunction-sections -fdata-sections -Wall -fstack-usage -fcyclomatic-complexity -MMD -MP -MF"Core/Src/main.d" -MT"Core/Src/main.o" --specs=nano.specs -mfpu=fpv4-sp-d16 -mfloat-abi=hard -mthumb -o "Core/Src/main.o"
arm-none-eabi-gcc -o "GPT_Test.elf" @"objects.list"   -mcpu=cortex-m4 -T"/home/dinesh/STM32CubeIDE/Microcontroller-master/GPT_Test/STM32F411RETX_FLASH.ld" --specs=nosys.specs -Wl,-Map="GPT_Test.map" -Wl,--gc-sections -static --specs=nano.specs -mfpu=fpv4-sp-d16 -mfloat-abi=hard -mthumb -u _printf_float -Wl,--start-group -lc -lm -Wl,--end-group
Finished building target: GPT_Test.elf
 
arm-none-eabi-size   GPT_Test.elf 
arm-none-eabi-objdump -h -S  GPT_Test.elf  > "GPT_Test.list"
   text	   data	    bss	    dec	    hex	filename
  24244	    484	   1796	  26524	   679c	GPT_Test.elf
Finished building: default.size.stdout
 
Finished building: GPT_Test.list
 

15:28:30 Build Finished. 0 errors, 0 warnings. (took 988ms)

